Job 1063943 on k032 at Fri 17 Jul 2026 09:08:35 AWST
Fri Jul 17 09:08:35 2026       
+-----------------------------------------------------------------------------------------+
| NVIDIA-SMI 575.57.08              Driver Version: 575.57.08      CUDA Version: 12.9     |
|-----------------------------------------+------------------------+----------------------+
| GPU  Name                 Persistence-M | Bus-Id          Disp.A | Volatile Uncorr. ECC |
| Fan  Temp   Perf          Pwr:Usage/Cap |           Memory-Usage | GPU-Util  Compute M. |
|                                         |                        |               MIG M. |
|=========================================+========================+======================|
|   0  Tesla V100-PCIE-16GB           Off |   00000000:AF:00.0 Off |                    0 |
| N/A   29C    P0             25W /  250W |       0MiB /  16384MiB |      0%      Default |
|                                         |                        |                  N/A |
+-----------------------------------------+------------------------+----------------------+
                                                                                         
+-----------------------------------------------------------------------------------------+
| Processes:                                                                              |
|  GPU   GI   CI              PID   Type   Process name                        GPU Memory |
|        ID   ID                                                               Usage      |
|=========================================================================================|
|  No running processes found                                                             |
+-----------------------------------------------------------------------------------------+
Wiping v3 volume /group/pmc084/atan/neo4j_data_v3_c3props_noadapter and reloading data/SyntheticPoliceKG-v3.cypher (Bolt port 23943).
Changed password for user 'neo4j'. IMPORTANT: this change will only take effect if performed before the database is started for the first time.
Directories in use:
home:         /var/lib/neo4j
config:       /conf
logs:         /var/lib/neo4j/logs
plugins:      /var/lib/neo4j/plugins
import:       /var/lib/neo4j/import
data:         /var/lib/neo4j/data
certificates: /var/lib/neo4j/certificates
licenses:     /var/lib/neo4j/licenses
run:          /var/lib/neo4j/run
Starting Neo4j.
2026-07-17 01:08:44.119+0000 INFO  Logging config in use: File '/var/lib/neo4j/conf/user-logs.xml'
2026-07-17 01:08:44.154+0000 INFO  Starting...
2026-07-17 01:08:45.423+0000 INFO  This instance is ServerId{b06eb8e1} (b06eb8e1-6364-46e0-aae5-6325aa8115c3)
2026-07-17 01:08:49.909+0000 INFO  Anonymous Usage Data is being sent to Neo4j, see https://neo4j.com/docs/usage-data/
2026-07-17 01:08:49.967+0000 INFO  Bolt enabled on localhost:23943.
2026-07-17 01:08:49.978+0000 INFO  id: F47E873BB2E0EF3450B51530C4E093FD1CC0ADACDE3143F238FB020117B48DF4
2026-07-17 01:08:49.978+0000 INFO  name: system
2026-07-17 01:08:49.978+0000 INFO  creationDate: 2026-07-17T01:08:48.45Z
2026-07-17 01:08:49.979+0000 INFO  Started.
Neo4j ready after 3 checks on bolt://localhost:23943.
Loading data/SyntheticPoliceKG-v3.cypher
v3 graph loaded.
C3-only ablation: model_key=mistral7b sl_adapter=none qg_adapter=none qg_include_properties=True ad=base (fixed, never fine-tuned) tag=noadapter_qgprops

==================== C3-ONLY ABLATION (noadapter_qgprops) ====================
  EX=0.025 EA=0.092 ambiguous_EA=0.113
  DSR=0.0 Detection F1=0.32000000000000006 Prec=0.8 Rec=0.2
  Wrote -> results/c3_only_mistral7b_v3_noadapter_qgprops.json
Finished at Fri 17 Jul 2026 11:34:53 AWST
Stopping neo4j (pid 3563717) at Fri 17 Jul 2026 11:34:53 AWST
2026-07-17 03:34:53.965+0000 INFO  Neo4j Server shutdown initiated by request
2026-07-17 03:34:53.968+0000 INFO  Stopping...
2026-07-17 03:35:04.361+0000 INFO  Stopped.
