Job 513073 on k011 at Tue 16 Jun 2026 11:24:22 AWST
Directories in use:
home:         /var/lib/neo4j
config:       /var/lib/neo4j/conf
logs:         /var/lib/neo4j/logs
plugins:      /var/lib/neo4j/plugins
import:       /var/lib/neo4j/import
data:         /var/lib/neo4j/data
certificates: /var/lib/neo4j/certificates
licenses:     /var/lib/neo4j/licenses
run:          /var/lib/neo4j/run
Starting Neo4j.
2026-06-16 03:24:26.149+0000 INFO  Logging config in use: File '/var/lib/neo4j/conf/user-logs.xml'
2026-06-16 03:24:26.175+0000 INFO  Starting...
2026-06-16 03:24:27.071+0000 INFO  This instance is ServerId{e7c3db60} (e7c3db60-4c76-4c02-b054-a3c1543ed515)
2026-06-16 03:24:28.064+0000 INFO  ======== Neo4j 5.26.27 ========
2026-06-16 03:24:31.078+0000 INFO  Anonymous Usage Data is being sent to Neo4j, see https://neo4j.com/docs/usage-data/
2026-06-16 03:24:31.099+0000 INFO  Bolt enabled on localhost:7687.
2026-06-16 03:24:32.106+0000 INFO  HTTP enabled on localhost:7474.
2026-06-16 03:24:32.107+0000 INFO  Remote interface available at http://localhost:7474/
2026-06-16 03:24:32.108+0000 INFO  id: 9D5AB278DB09F1FE64A62588A040A168D4EB28C67F3AEFF7BEC7D8FB49C3BF8F
2026-06-16 03:24:32.109+0000 INFO  name: system
2026-06-16 03:24:32.109+0000 INFO  creationDate: 2026-06-11T13:39:03.976Z
2026-06-16 03:24:32.109+0000 INFO  Started.
Neo4j ready after 3 checks.
case                               expected         got              ok   detail
----------------------------------------------------------------------------------------------------
valid / accept                     accept           accept           YES  syntax_valid=True schema=1.0 props=1.0 error_type=None
valid no-props / accept            accept           accept           YES  syntax_valid=True schema=1.0 props=None error_type=None
bad syntax / query_generator       query_generator  query_generator  YES  syntax_valid=False schema=0.0 props=None error_type=syntax
unknown label / schema_linker      schema_linker    schema_linker    YES  syntax_valid=True schema=0.5 props=None error_type=schema
unknown property / schema_linker   schema_linker    schema_linker    YES  syntax_valid=True schema=1.0 props=0.0 error_type=properties
----------------------------------------------------------------------------------------------------
ALL ROUTES CORRECT
Finished at Tue 16 Jun 2026 11:24:44 AWST
Stopping neo4j (pid 1743310) at Tue 16 Jun 2026 11:24:44 AWST
2026-06-16 03:24:44.695+0000 INFO  Neo4j Server shutdown initiated by request
2026-06-16 03:24:44.695+0000 INFO  Stopping...
2026-06-16 03:24:55.023+0000 INFO  Stopped.
