Job 1032339 on k027 at Sun 12 Jul 2026 14:23:38 AWST
Sun Jul 12 14:23:38 2026       
+-----------------------------------------------------------------------------------------+
| NVIDIA-SMI 575.57.08              Driver Version: 575.57.08      CUDA Version: 12.9     |
|-----------------------------------------+------------------------+----------------------+
| GPU  Name                 Persistence-M | Bus-Id          Disp.A | Volatile Uncorr. ECC |
| Fan  Temp   Perf          Pwr:Usage/Cap |           Memory-Usage | GPU-Util  Compute M. |
|                                         |                        |               MIG M. |
|=========================================+========================+======================|
|   0  Tesla V100-PCIE-16GB           Off |   00000000:AF:00.0 Off |                    0 |
| N/A   28C    P0             24W /  250W |       0MiB /  16384MiB |      0%      Default |
|                                         |                        |                  N/A |
+-----------------------------------------+------------------------+----------------------+
                                                                                         
+-----------------------------------------------------------------------------------------+
| Processes:                                                                              |
|  GPU   GI   CI              PID   Type   Process name                        GPU Memory |
|        ID   ID                                                               Usage      |
|=========================================================================================|
|  No running processes found                                                             |
+-----------------------------------------------------------------------------------------+
 penalty | entropy AUC |  Cov@5 | halluc.
     0.2 |       0.649 |  0.683 |   0.007
     0.5 |       0.649 |  0.692 |   0.007
     1.0 |       0.682 |  0.725 |   0.003

Chosen decoding = {'strategy': 'beam', 'diversity_penalty': 1.0, 'k': 5}
NO penalty cleared Cov@5 ≥ 0.85; picked best Cov@5/AUC trade-off (Cov@5=0.725, AUC=0.682). RECORD THIS IN decisions-log.md.
Finished at Sun 12 Jul 2026 14:46:51 AWST
