Job 639269 on k010 at Mon 22 Jun 2026 10:56:46 AWST
Directories in use:
home:         /var/lib/neo4j
config:       /var/lib/neo4j/conf
logs:         /var/lib/neo4j/logs
plugins:      /var/lib/neo4j/plugins
import:       /var/lib/neo4j/import
data:         /var/lib/neo4j/data
certificates: /var/lib/neo4j/certificates
licenses:     /var/lib/neo4j/licenses
run:          /var/lib/neo4j/run
Starting Neo4j.
2026-06-22 02:56:50.381+0000 INFO  Logging config in use: File '/var/lib/neo4j/conf/user-logs.xml'
2026-06-22 02:56:50.396+0000 INFO  Starting...
2026-06-22 02:56:51.191+0000 INFO  This instance is ServerId{e7c3db60} (e7c3db60-4c76-4c02-b054-a3c1543ed515)
2026-06-22 02:56:52.105+0000 INFO  ======== Neo4j 5.26.27 ========
2026-06-22 02:56:55.322+0000 INFO  Anonymous Usage Data is being sent to Neo4j, see https://neo4j.com/docs/usage-data/
2026-06-22 02:56:55.343+0000 INFO  Bolt enabled on localhost:7687.
2026-06-22 02:56:56.331+0000 INFO  HTTP enabled on localhost:7474.
2026-06-22 02:56:56.332+0000 INFO  Remote interface available at http://localhost:7474/
2026-06-22 02:56:56.334+0000 INFO  id: 9D5AB278DB09F1FE64A62588A040A168D4EB28C67F3AEFF7BEC7D8FB49C3BF8F
2026-06-22 02:56:56.334+0000 INFO  name: system
2026-06-22 02:56:56.334+0000 INFO  creationDate: 2026-06-11T13:39:03.976Z
2026-06-22 02:56:56.334+0000 INFO  Started.
Neo4j ready after 3 checks.
case                                         ok   detail
--------------------------------------------------------------------------------------------------------------
default==default → correct [Q-001]           YES  is_correct=True matches_any=True mode=None n=1
non-default interp → valid_non_default [Q-016] YES  is_correct=False matches_any=True mode=valid_non_default
garbage rows → wrong_result [Q-001]          YES  is_correct=False matches_any=False mode=wrong_result
exec failed → invalid_query [Q-001]          YES  is_correct=False matches_any=False mode=invalid_query
--------------------------------------------------------------------------------------------------------------
ALL CHECKS PASSED
Finished at Mon 22 Jun 2026 10:57:09 AWST
Stopping neo4j (pid 1969355) at Mon 22 Jun 2026 10:57:09 AWST
2026-06-22 02:57:09.437+0000 INFO  Neo4j Server shutdown initiated by request
2026-06-22 02:57:09.438+0000 INFO  Stopping...
2026-06-22 02:57:19.794+0000 INFO  Stopped.
