Job 490875 on k030 at Mon 08 Jun 2026 15:58:17 AWST
Mon Jun  8 15:58:17 2026       
+-----------------------------------------------------------------------------------------+
| NVIDIA-SMI 575.57.08              Driver Version: 575.57.08      CUDA Version: 12.9     |
|-----------------------------------------+------------------------+----------------------+
| GPU  Name                 Persistence-M | Bus-Id          Disp.A | Volatile Uncorr. ECC |
| Fan  Temp   Perf          Pwr:Usage/Cap |           Memory-Usage | GPU-Util  Compute M. |
|                                         |                        |               MIG M. |
|=========================================+========================+======================|
|   0  Tesla V100-PCIE-16GB           Off |   00000000:18:00.0 Off |                    0 |
| N/A   29C    P0             24W /  250W |       0MiB /  16384MiB |      0%      Default |
|                                         |                        |                  N/A |
+-----------------------------------------+------------------------+----------------------+
                                                                                         
+-----------------------------------------------------------------------------------------+
| Processes:                                                                              |
|  GPU   GI   CI              PID   Type   Process name                        GPU Memory |
|        ID   ID                                                               Usage      |
|=========================================================================================|
|  No running processes found                                                             |
+-----------------------------------------------------------------------------------------+
CUDA: True Tesla V100-PCIE-16GB
{'loss': 0.7363, 'grad_norm': 1.958797812461853, 'learning_rate': 0.00019998739458469843, 'epoch': 0.1}
{'loss': 0.2387, 'grad_norm': 1.390611171722412, 'learning_rate': 0.0001991653299440901, 'epoch': 0.21}
{'loss': 0.2023, 'grad_norm': 1.5510456562042236, 'learning_rate': 0.00019706907442062534, 'epoch': 0.31}
{'loss': 0.1771, 'grad_norm': 1.3875707387924194, 'learning_rate': 0.0001937255631304142, 'epoch': 0.42}
{'loss': 0.1664, 'grad_norm': 0.8032804727554321, 'learning_rate': 0.00018917775737460014, 'epoch': 0.52}
{'loss': 0.1639, 'grad_norm': 1.0284011363983154, 'learning_rate': 0.00018348409262286116, 'epoch': 0.63}
{'loss': 0.1725, 'grad_norm': 0.8886384963989258, 'learning_rate': 0.00017671772766689184, 'epoch': 0.73}
{'loss': 0.1561, 'grad_norm': 0.9934642910957336, 'learning_rate': 0.0001689656045916108, 'epoch': 0.84}
{'loss': 0.1412, 'grad_norm': 0.7048857808113098, 'learning_rate': 0.0001603273316426707, 'epoch': 0.94}
Finished at Tue 09 Jun 2026 08:38:05 AWST
