Job 1063899 on k028 at Fri 17 Jul 2026 09:00:28 AWST
Fri Jul 17 09:00:28 2026       
+-----------------------------------------------------------------------------------------+
| NVIDIA-SMI 575.57.08              Driver Version: 575.57.08      CUDA Version: 12.9     |
|-----------------------------------------+------------------------+----------------------+
| GPU  Name                 Persistence-M | Bus-Id          Disp.A | Volatile Uncorr. ECC |
| Fan  Temp   Perf          Pwr:Usage/Cap |           Memory-Usage | GPU-Util  Compute M. |
|                                         |                        |               MIG M. |
|=========================================+========================+======================|
|   0  Tesla V100-PCIE-16GB           Off |   00000000:18:00.0 Off |                    0 |
| N/A   29C    P0             27W /  250W |       0MiB /  16384MiB |      0%      Default |
|                                         |                        |                  N/A |
+-----------------------------------------+------------------------+----------------------+
                                                                                         
+-----------------------------------------------------------------------------------------+
| Processes:                                                                              |
|  GPU   GI   CI              PID   Type   Process name                        GPU Memory |
|        ID   ID                                                               Usage      |
|=========================================================================================|
|  No running processes found                                                             |
+-----------------------------------------------------------------------------------------+
Wiping v3 volume /group/pmc084/atan/neo4j_data_v3_c2props_full and reloading data/SyntheticPoliceKG-v3.cypher.
Changed password for user 'neo4j'. IMPORTANT: this change will only take effect if performed before the database is started for the first time.
Directories in use:
home:         /var/lib/neo4j
config:       /var/lib/neo4j/conf
logs:         /var/lib/neo4j/logs
plugins:      /var/lib/neo4j/plugins
import:       /var/lib/neo4j/import
data:         /var/lib/neo4j/data
certificates: /var/lib/neo4j/certificates
licenses:     /var/lib/neo4j/licenses
run:          /var/lib/neo4j/run
Starting Neo4j.
2026-07-17 01:00:36.769+0000 INFO  Logging config in use: File '/var/lib/neo4j/conf/user-logs.xml'
2026-07-17 01:00:36.802+0000 INFO  Starting...
2026-07-17 01:00:38.019+0000 INFO  This instance is ServerId{5604e785} (5604e785-c1ce-4612-8ae7-aa99b89245f2)
2026-07-17 01:00:39.563+0000 INFO  ======== Neo4j 5.26.27 ========
2026-07-17 01:00:42.333+0000 INFO  Anonymous Usage Data is being sent to Neo4j, see https://neo4j.com/docs/usage-data/
2026-07-17 01:00:42.387+0000 INFO  Bolt enabled on localhost:7687.
2026-07-17 01:00:43.872+0000 INFO  HTTP enabled on localhost:7474.
2026-07-17 01:00:43.873+0000 INFO  Remote interface available at http://localhost:7474/
2026-07-17 01:00:43.875+0000 INFO  id: 06FE2A69FE2F3EAF753D31E54E3DBB6BC28FC6FACDC45F800372A2FEB896E466
2026-07-17 01:00:43.875+0000 INFO  name: system
2026-07-17 01:00:43.875+0000 INFO  creationDate: 2026-07-17T01:00:40.927Z
2026-07-17 01:00:43.876+0000 INFO  Started.
Neo4j ready after 3 checks.
Loading data/SyntheticPoliceKG-v3.cypher
v3 graph loaded.
C2-only ablation: model_key=mistral7b sl_adapter=sl_adapter_v3 qg_adapter=qg_adapter_v3 qg_include_properties=True tag=full7p4_qgprops

==================== C2-ONLY ABLATION (full7p4_qgprops) ====================
  EX=0.158 EA=0.283 ambiguous_EA=0.275
  Wrote -> results/c2_only_mistral7b_v3_full7p4_qgprops.json
Finished at Fri 17 Jul 2026 09:17:10 AWST
Stopping neo4j (pid 2943616) at Fri 17 Jul 2026 09:17:10 AWST
2026-07-17 01:17:10.925+0000 INFO  Neo4j Server shutdown initiated by request
2026-07-17 01:17:10.928+0000 INFO  Stopping...
2026-07-17 01:17:21.280+0000 INFO  Stopped.
