Job 492005 on k035 at Tue 09 Jun 2026 14:09:42 AWST
Tue Jun  9 14:09:42 2026       
+-----------------------------------------------------------------------------------------+
| NVIDIA-SMI 575.57.08              Driver Version: 575.57.08      CUDA Version: 12.9     |
|-----------------------------------------+------------------------+----------------------+
| GPU  Name                 Persistence-M | Bus-Id          Disp.A | Volatile Uncorr. ECC |
| Fan  Temp   Perf          Pwr:Usage/Cap |           Memory-Usage | GPU-Util  Compute M. |
|                                         |                        |               MIG M. |
|=========================================+========================+======================|
|   0  Tesla V100-PCIE-16GB           Off |   00000000:18:00.0 Off |                    0 |
| N/A   32C    P0             24W /  250W |       0MiB /  16384MiB |      0%      Default |
|                                         |                        |                  N/A |
+-----------------------------------------+------------------------+----------------------+
                                                                                         
+-----------------------------------------------------------------------------------------+
| Processes:                                                                              |
|  GPU   GI   CI              PID   Type   Process name                        GPU Memory |
|        ID   ID                                                               Usage      |
|=========================================================================================|
|  No running processes found                                                             |
+-----------------------------------------------------------------------------------------+
CUDA: True Tesla V100-PCIE-16GB
{'loss': 0.7382, 'grad_norm': 2.0527312755584717, 'learning_rate': 0.00019998739458469843, 'epoch': 0.1}
{'loss': 0.2377, 'grad_norm': 1.266158103942871, 'learning_rate': 0.0001991653299440901, 'epoch': 0.21}
{'loss': 0.2031, 'grad_norm': 1.3733677864074707, 'learning_rate': 0.00019706907442062534, 'epoch': 0.31}
{'loss': 0.1753, 'grad_norm': 1.170931339263916, 'learning_rate': 0.0001937255631304142, 'epoch': 0.42}
{'loss': 0.1654, 'grad_norm': 0.9377610683441162, 'learning_rate': 0.00018917775737460014, 'epoch': 0.52}
{'loss': 0.1618, 'grad_norm': 1.2208621501922607, 'learning_rate': 0.00018348409262286116, 'epoch': 0.63}
{'loss': 0.1708, 'grad_norm': 0.7548719048500061, 'learning_rate': 0.00017671772766689184, 'epoch': 0.73}
{'loss': 0.1557, 'grad_norm': 0.9551323056221008, 'learning_rate': 0.0001689656045916108, 'epoch': 0.84}
{'loss': 0.1408, 'grad_norm': 0.7520585060119629, 'learning_rate': 0.0001603273316426707, 'epoch': 0.94}
