/uwahpc/rocky9/python/anaconda3/2024.06/lib/python3.12/site-packages/conda/base/context.py:201: FutureWarning: Adding 'defaults' to channel list implicitly is deprecated and will be removed in 25.3. 

To remove this warning, please choose a default channel explicitly with conda's regular configuration system, e.g. by adding 'defaults' to the list of channels:

  conda config --add channels defaults

For more information see https://docs.conda.io/projects/conda/en/stable/user-guide/configuration/use-condarc.html

  deprecated.topic(
INFO:    Cleanup error: while stopping driver for /var/lib/apptainer/mnt/session/final: fuse-overlayfs exited: fuse: reading device: Software caused connection abort
Loading checkpoint shards:   0%|          | 0/3 [00:00<?, ?it/s]Loading checkpoint shards:  33%|███▎      | 1/3 [00:12<00:25, 12.82s/it]Loading checkpoint shards:  67%|██████▋   | 2/3 [00:25<00:12, 12.94s/it]Loading checkpoint shards: 100%|██████████| 3/3 [00:36<00:00, 12.12s/it]Loading checkpoint shards: 100%|██████████| 3/3 [00:36<00:00, 12.33s/it]
Loading checkpoint shards:   0%|          | 0/3 [00:00<?, ?it/s]Loading checkpoint shards:  33%|███▎      | 1/3 [00:02<00:05,  2.62s/it]Loading checkpoint shards:  67%|██████▋   | 2/3 [00:05<00:02,  2.61s/it]Loading checkpoint shards: 100%|██████████| 3/3 [00:07<00:00,  2.53s/it]Loading checkpoint shards: 100%|██████████| 3/3 [00:07<00:00,  2.55s/it]
Loading checkpoint shards:   0%|          | 0/3 [00:00<?, ?it/s]Loading checkpoint shards:  33%|███▎      | 1/3 [00:02<00:05,  2.59s/it]Loading checkpoint shards:  67%|██████▋   | 2/3 [00:05<00:02,  2.63s/it]Loading checkpoint shards: 100%|██████████| 3/3 [00:07<00:00,  2.52s/it]Loading checkpoint shards: 100%|██████████| 3/3 [00:07<00:00,  2.55s/it]
Starting from v4.46, the `logits` model output will have the same type as the model (except at train time, where it will always be FP32)
From v4.47 onwards, when a model cache is to be returned, `generate` will return a `Cache` instance instead by default (as opposed to the legacy tuple of tuples format). If you want to keep returning the legacy format, please set `return_legacy_cache=True`.
Disambiguator repeated a previously-tried pattern; falling back to next candidate.
Disambiguator repeated a previously-tried pattern; falling back to next candidate.
Received notification from DBMS server: <GqlStatusObject gql_status='01N52', status_description='warn: property key does not exist. The property `vehicle_make` does not exist. Verify that the spelling is correct.', position=<SummaryInputPosition line=1, column=81, offset=80>, raw_classification='UNRECOGNIZED', classification=<NotificationClassification.UNRECOGNIZED: 'UNRECOGNIZED'>, raw_severity='WARNING', severity=<NotificationSeverity.WARNING: 'WARNING'>, diagnostic_record={'_classification': 'UNRECOGNIZED', '_severity': 'WARNING', '_position': {'offset': 80, 'line': 1, 'column': 81}, 'OPERATION': '', 'OPERATION_CODE': '0', 'CURRENT_SCHEMA': '/'}> for query: "EXPLAIN MATCH (p:Person {name:'James Whitfield'})-[:OWNS]->(v:Vehicle) RETURN v.vehicle_make"
Received notification from DBMS server: <GqlStatusObject gql_status='01N52', status_description='warn: property key does not exist. The property `vehicle_make` does not exist. Verify that the spelling is correct.', position=<SummaryInputPosition line=1, column=44, offset=43>, raw_classification='UNRECOGNIZED', classification=<NotificationClassification.UNRECOGNIZED: 'UNRECOGNIZED'>, raw_severity='WARNING', severity=<NotificationSeverity.WARNING: 'WARNING'>, diagnostic_record={'_classification': 'UNRECOGNIZED', '_severity': 'WARNING', '_position': {'offset': 43, 'line': 1, 'column': 44}, 'OPERATION': '', 'OPERATION_CODE': '0', 'CURRENT_SCHEMA': '/'}> for query: 'RETURN exists { MATCH (x:Vehicle) WHERE (x.vehicle_make) IS NOT NULL} AS exists'
Disambiguator repeated a previously-tried pattern; falling back to next candidate.
Received notification from DBMS server: <GqlStatusObject gql_status='01N52', status_description='warn: property key does not exist. The property `street` does not exist. Verify that the spelling is correct.', position=<SummaryInputPosition line=1, column=52, offset=51>, raw_classification='UNRECOGNIZED', classification=<NotificationClassification.UNRECOGNIZED: 'UNRECOGNIZED'>, raw_severity='WARNING', severity=<NotificationSeverity.WARNING: 'WARNING'>, diagnostic_record={'_classification': 'UNRECOGNIZED', '_severity': 'WARNING', '_position': {'offset': 51, 'line': 1, 'column': 52}, 'OPERATION': '', 'OPERATION_CODE': '0', 'CURRENT_SCHEMA': '/'}> for query: "EXPLAIN MATCH (p:Person)-[:LIVES_AT]->(l:Location {street:'Beaufort', suburb:'North Perth'}) RETURN p.name"
Received notification from DBMS server: <GqlStatusObject gql_status='01N52', status_description='warn: property key does not exist. The property `street` does not exist. Verify that the spelling is correct.', position=<SummaryInputPosition line=1, column=45, offset=44>, raw_classification='UNRECOGNIZED', classification=<NotificationClassification.UNRECOGNIZED: 'UNRECOGNIZED'>, raw_severity='WARNING', severity=<NotificationSeverity.WARNING: 'WARNING'>, diagnostic_record={'_classification': 'UNRECOGNIZED', '_severity': 'WARNING', '_position': {'offset': 44, 'line': 1, 'column': 45}, 'OPERATION': '', 'OPERATION_CODE': '0', 'CURRENT_SCHEMA': '/'}> for query: 'RETURN exists { MATCH (x:Location) WHERE (x.street) IS NOT NULL} AS exists'
slurmstepd: error: *** JOB 1061560 ON k035 CANCELLED AT 2026-07-16T13:14:32 ***
[#AAEE]  _: <CONNECTION> error: Failed to read from defunct connection IPv4Address(('localhost', 7687)) (ResolvedIPv4Address(('127.0.0.1', 7687))): OSError('No data')
Transaction failed and will be retried in 0.8933589833032863s (Failed to read from defunct connection IPv4Address(('localhost', 7687)) (ResolvedIPv4Address(('127.0.0.1', 7687))))
Transaction failed and will be retried in 2.260759020769694s (Couldn't connect to localhost:7687 (resolved to ('[::1]:7687', '127.0.0.1:7687')):
Failed to establish connection to ResolvedIPv6Address(('::1', 7687, 0, 0)) (reason [Errno 111] Connection refused)
Failed to establish connection to ResolvedIPv4Address(('127.0.0.1', 7687)) (reason [Errno 111] Connection refused))
Transaction failed and will be retried in 4.581940125868656s (Couldn't connect to localhost:7687 (resolved to ('[::1]:7687', '127.0.0.1:7687')):
Failed to establish connection to ResolvedIPv6Address(('::1', 7687, 0, 0)) (reason [Errno 111] Connection refused)
Failed to establish connection to ResolvedIPv4Address(('127.0.0.1', 7687)) (reason [Errno 111] Connection refused))
INFO:    Cleanup error: while stopping driver for /var/lib/apptainer/mnt/session/final: fuse-overlayfs exited: fuse: reading device: Software caused connection abort
