Job 1100506 on k020 at Fri 21 Aug 2026 21:20:36 AWST
Fri Aug 21 21:20:36 2026       
+-----------------------------------------------------------------------------------------+
| NVIDIA-SMI 575.57.08              Driver Version: 575.57.08      CUDA Version: 12.9     |
|-----------------------------------------+------------------------+----------------------+
| GPU  Name                 Persistence-M | Bus-Id          Disp.A | Volatile Uncorr. ECC |
| Fan  Temp   Perf          Pwr:Usage/Cap |           Memory-Usage | GPU-Util  Compute M. |
|                                         |                        |               MIG M. |
|=========================================+========================+======================|
|   0  Tesla V100-PCIE-32GB           Off |   00000000:3B:00.0 Off |                    0 |
| N/A   29C    P0             22W /  250W |       0MiB /  32768MiB |      0%      Default |
|                                         |                        |                  N/A |
+-----------------------------------------+------------------------+----------------------+
|   1  Tesla V100-PCIE-32GB           Off |   00000000:D8:00.0 Off |                    0 |
| N/A   29C    P0             24W /  250W |       0MiB /  32768MiB |      0%      Default |
|                                         |                        |                  N/A |
+-----------------------------------------+------------------------+----------------------+
                                                                                         
+-----------------------------------------------------------------------------------------+
| Processes:                                                                              |
|  GPU   GI   CI              PID   Type   Process name                        GPU Memory |
|        ID   ID                                                               Usage      |
|=========================================================================================|
|  No running processes found                                                             |
+-----------------------------------------------------------------------------------------+
{'loss': 0.075, 'grad_norm': 0.32307204604148865, 'learning_rate': 9.987820251299122e-05, 'epoch': 0.11}
{'loss': 0.0224, 'grad_norm': 0.22084131836891174, 'learning_rate': 9.851478631379982e-05, 'epoch': 0.21}
{'loss': 0.0166, 'grad_norm': 0.2560960650444031, 'learning_rate': 9.567727288213005e-05, 'epoch': 0.32}
{'loss': 0.0167, 'grad_norm': 0.2608594596385956, 'learning_rate': 9.145187862775209e-05, 'epoch': 0.43}
{'loss': 0.0209, 'grad_norm': 0.4300733804702759, 'learning_rate': 8.596699001693255e-05, 'epoch': 0.54}
{'loss': 0.0177, 'grad_norm': 0.31287330389022827, 'learning_rate': 7.938926261462366e-05, 'epoch': 0.64}
{'loss': 0.0182, 'grad_norm': 0.28533998131752014, 'learning_rate': 7.191855733945387e-05, 'epoch': 0.75}
{'loss': 0.0171, 'grad_norm': 0.18954609334468842, 'learning_rate': 6.378186779084995e-05, 'epoch': 0.86}
{'loss': 0.0163, 'grad_norm': 0.35862189531326294, 'learning_rate': 5.522642316338268e-05, 'epoch': 0.96}
{'eval_loss': 0.00028937082970514894, 'eval_runtime': 280.0662, 'eval_samples_per_second': 0.786, 'eval_steps_per_second': 0.786, 'epoch': 1.0}
{'loss': 0.0148, 'grad_norm': 0.1821051985025406, 'learning_rate': 4.6512176312793736e-05, 'epoch': 1.07}
{'loss': 0.0121, 'grad_norm': 0.258654922246933, 'learning_rate': 3.790390522001662e-05, 'epoch': 1.18}
{'loss': 0.0101, 'grad_norm': 0.23427169024944305, 'learning_rate': 2.9663167846209998e-05, 'epoch': 1.28}
{'loss': 0.0081, 'grad_norm': 0.19764527678489685, 'learning_rate': 2.2040354826462668e-05, 'epoch': 1.39}
{'loss': 0.01, 'grad_norm': 0.2871114909648895, 'learning_rate': 1.526708147705013e-05, 'epoch': 1.5}
{'loss': 0.0102, 'grad_norm': 0.2301573008298874, 'learning_rate': 9.549150281252633e-06, 'epoch': 1.61}
{'loss': 0.0102, 'grad_norm': 0.10974077880382538, 'learning_rate': 5.060297685041659e-06, 'epoch': 1.71}
{'loss': 0.0109, 'grad_norm': 0.3735089898109436, 'learning_rate': 1.9369152030840556e-06, 'epoch': 1.82}
{'loss': 0.0117, 'grad_norm': 0.28671780228614807, 'learning_rate': 2.7390523158633554e-07, 'epoch': 1.93}
{'eval_loss': 0.00013624138955492526, 'eval_runtime': 280.2433, 'eval_samples_per_second': 0.785, 'eval_steps_per_second': 0.785, 'epoch': 1.99}
{'train_runtime': 51381.4107, 'train_samples_per_second': 0.233, 'train_steps_per_second': 0.007, 'train_loss': 0.017498391570263012, 'epoch': 1.99}
Finished at Sat 22 Aug 2026 11:39:24 AWST
