Job 1063900 on k029 at Fri 17 Jul 2026 09:00:27 AWST
Fri Jul 17 09:00:27 2026       
+-----------------------------------------------------------------------------------------+
| NVIDIA-SMI 575.57.08              Driver Version: 575.57.08      CUDA Version: 12.9     |
|-----------------------------------------+------------------------+----------------------+
| GPU  Name                 Persistence-M | Bus-Id          Disp.A | Volatile Uncorr. ECC |
| Fan  Temp   Perf          Pwr:Usage/Cap |           Memory-Usage | GPU-Util  Compute M. |
|                                         |                        |               MIG M. |
|=========================================+========================+======================|
|   0  Tesla V100-PCIE-16GB           Off |   00000000:18:00.0 Off |                    0 |
| N/A   30C    P0             24W /  250W |       0MiB /  16384MiB |      0%      Default |
|                                         |                        |                  N/A |
+-----------------------------------------+------------------------+----------------------+
                                                                                         
+-----------------------------------------------------------------------------------------+
| Processes:                                                                              |
|  GPU   GI   CI              PID   Type   Process name                        GPU Memory |
|        ID   ID                                                               Usage      |
|=========================================================================================|
|  No running processes found                                                             |
+-----------------------------------------------------------------------------------------+
Wiping v3 volume /group/pmc084/atan/neo4j_data_v3_c2props_generic and reloading data/SyntheticPoliceKG-v3.cypher.
Changed password for user 'neo4j'. IMPORTANT: this change will only take effect if performed before the database is started for the first time.
Directories in use:
home:         /var/lib/neo4j
config:       /var/lib/neo4j/conf
logs:         /var/lib/neo4j/logs
plugins:      /var/lib/neo4j/plugins
import:       /var/lib/neo4j/import
data:         /var/lib/neo4j/data
certificates: /var/lib/neo4j/certificates
licenses:     /var/lib/neo4j/licenses
run:          /var/lib/neo4j/run
Starting Neo4j.
2026-07-17 01:00:36.707+0000 INFO  Logging config in use: File '/var/lib/neo4j/conf/user-logs.xml'
2026-07-17 01:00:36.741+0000 INFO  Starting...
2026-07-17 01:00:37.998+0000 INFO  This instance is ServerId{024a2044} (024a2044-1de3-435d-a5a7-b2767a90f2a5)
2026-07-17 01:00:39.673+0000 INFO  ======== Neo4j 5.26.27 ========
2026-07-17 01:00:42.496+0000 INFO  Anonymous Usage Data is being sent to Neo4j, see https://neo4j.com/docs/usage-data/
2026-07-17 01:00:42.551+0000 INFO  Bolt enabled on localhost:7687.
2026-07-17 01:00:44.046+0000 INFO  HTTP enabled on localhost:7474.
2026-07-17 01:00:44.047+0000 INFO  Remote interface available at http://localhost:7474/
2026-07-17 01:00:44.050+0000 INFO  id: 986ABDDC675454DB47C1F44553CEAA029809EAC7AFF9F42C2E1A700E0CD81456
2026-07-17 01:00:44.050+0000 INFO  name: system
2026-07-17 01:00:44.050+0000 INFO  creationDate: 2026-07-17T01:00:41.125Z
2026-07-17 01:00:44.050+0000 INFO  Started.
Neo4j ready after 3 checks.
Loading data/SyntheticPoliceKG-v3.cypher
v3 graph loaded.
C2-only ablation: model_key=mistral7b sl_adapter=sl_adapter qg_adapter=qg_adapter qg_include_properties=True tag=genericonly_qgprops

==================== C2-ONLY ABLATION (genericonly_qgprops) ====================
  EX=0.017 EA=0.092 ambiguous_EA=0.113
  Wrote -> results/c2_only_mistral7b_v3_genericonly_qgprops.json
Finished at Fri 17 Jul 2026 09:14:10 AWST
Stopping neo4j (pid 557187) at Fri 17 Jul 2026 09:14:10 AWST
2026-07-17 01:14:10.077+0000 INFO  Neo4j Server shutdown initiated by request
2026-07-17 01:14:10.081+0000 INFO  Stopping...
2026-07-17 01:14:20.689+0000 INFO  Stopped.
