Job 1026051 on k026 at Fri 10 Jul 2026 10:17:10 AWST
Fri Jul 10 10:17:10 2026       
+-----------------------------------------------------------------------------------------+
| NVIDIA-SMI 575.57.08              Driver Version: 575.57.08      CUDA Version: 12.9     |
|-----------------------------------------+------------------------+----------------------+
| GPU  Name                 Persistence-M | Bus-Id          Disp.A | Volatile Uncorr. ECC |
| Fan  Temp   Perf          Pwr:Usage/Cap |           Memory-Usage | GPU-Util  Compute M. |
|                                         |                        |               MIG M. |
|=========================================+========================+======================|
|   0  Tesla V100-PCIE-16GB           Off |   00000000:18:00.0 Off |                    0 |
| N/A   30C    P0             26W /  250W |       0MiB /  16384MiB |      0%      Default |
|                                         |                        |                  N/A |
+-----------------------------------------+------------------------+----------------------+
                                                                                         
+-----------------------------------------------------------------------------------------+
| Processes:                                                                              |
|  GPU   GI   CI              PID   Type   Process name                        GPU Memory |
|        ID   ID                                                               Usage      |
|=========================================================================================|
|  No running processes found                                                             |
+-----------------------------------------------------------------------------------------+
Sampled 25/25 v3 items; decoding={'strategy': 'beam', 'diversity_penalty': 0.2, 'k': 5}
[Q-041] (schema) covered=False
[Q-042] (schema) covered=False
[Q-043] (schema) covered=False
[Q-044] (schema) covered=False
[Q-045] (schema) covered=False
[Q-061] (entity) covered=True
[Q-062] (entity) covered=True
[Q-063] (entity) covered=False
[Q-064] (entity) covered=False
[Q-065] (entity) covered=False
[Q-081] (intent) covered=False
[Q-082] (intent) covered=False
[Q-083] (intent) covered=False
[Q-084] (intent) covered=False
[Q-085] (intent) covered=False
[Q-101] (temporal) covered=True
[Q-102] (temporal) covered=True
[Q-103] (temporal) covered=True
[Q-104] (temporal) covered=False
[Q-105] (temporal) covered=False
[Q-001] (null) covered=False
[Q-002] (null) covered=False
[Q-003] (null) covered=False
[Q-004] (null) covered=True
[Q-005] (null) covered=False

Sample Cov@5 (sl_adapter_v3, n=25): 0.240
Finished at Fri 10 Jul 2026 10:21:16 AWST
