Job 1061560 on k035 at Thu 16 Jul 2026 13:08:20 AWST
Thu Jul 16 13:08:20 2026       
+-----------------------------------------------------------------------------------------+
| NVIDIA-SMI 575.57.08              Driver Version: 575.57.08      CUDA Version: 12.9     |
|-----------------------------------------+------------------------+----------------------+
| GPU  Name                 Persistence-M | Bus-Id          Disp.A | Volatile Uncorr. ECC |
| Fan  Temp   Perf          Pwr:Usage/Cap |           Memory-Usage | GPU-Util  Compute M. |
|                                         |                        |               MIG M. |
|=========================================+========================+======================|
|   0  Tesla V100-PCIE-16GB           Off |   00000000:18:00.0 Off |                    0 |
| N/A   29C    P0             23W /  250W |       0MiB /  16384MiB |      0%      Default |
|                                         |                        |                  N/A |
+-----------------------------------------+------------------------+----------------------+
                                                                                         
+-----------------------------------------------------------------------------------------+
| Processes:                                                                              |
|  GPU   GI   CI              PID   Type   Process name                        GPU Memory |
|        ID   ID                                                               Usage      |
|=========================================================================================|
|  No running processes found                                                             |
+-----------------------------------------------------------------------------------------+
Wiping v3 volume /group/pmc084/atan/neo4j_data_v3_c3genericonly and reloading data/SyntheticPoliceKG-v3.cypher.
Changed password for user 'neo4j'. IMPORTANT: this change will only take effect if performed before the database is started for the first time.
Directories in use:
home:         /var/lib/neo4j
config:       /var/lib/neo4j/conf
logs:         /var/lib/neo4j/logs
plugins:      /var/lib/neo4j/plugins
import:       /var/lib/neo4j/import
data:         /var/lib/neo4j/data
certificates: /var/lib/neo4j/certificates
licenses:     /var/lib/neo4j/licenses
run:          /var/lib/neo4j/run
Starting Neo4j.
2026-07-16 05:08:29.031+0000 INFO  Logging config in use: File '/var/lib/neo4j/conf/user-logs.xml'
2026-07-16 05:08:29.066+0000 INFO  Starting...
2026-07-16 05:08:30.264+0000 INFO  This instance is ServerId{71c86c8e} (71c86c8e-2a62-49a6-ae81-48ff871a8b61)
2026-07-16 05:08:31.874+0000 INFO  ======== Neo4j 5.26.27 ========
2026-07-16 05:08:34.598+0000 INFO  Anonymous Usage Data is being sent to Neo4j, see https://neo4j.com/docs/usage-data/
2026-07-16 05:08:34.648+0000 INFO  Bolt enabled on localhost:7687.
2026-07-16 05:08:36.146+0000 INFO  HTTP enabled on localhost:7474.
2026-07-16 05:08:36.147+0000 INFO  Remote interface available at http://localhost:7474/
2026-07-16 05:08:36.150+0000 INFO  id: 83FF68363977ADE023B2617622A50B046C3D6E267DEC7E08EAF6EFE64C365DF4
2026-07-16 05:08:36.150+0000 INFO  name: system
2026-07-16 05:08:36.150+0000 INFO  creationDate: 2026-07-16T05:08:33.225Z
2026-07-16 05:08:36.150+0000 INFO  Started.
Neo4j ready after 3 checks.
Loading data/SyntheticPoliceKG-v3.cypher
v3 graph loaded.
C3-only ablation: model_key=mistral7b sl_adapter=sl_adapter_v3 qg_adapter=qg_adapter_v3 (fixed) ad=base (fixed) tag=full7p4
Stopping neo4j (pid 2372624) at Thu 16 Jul 2026 13:14:32 AWST
2026-07-16 05:14:32.740+0000 INFO  Neo4j Server shutdown initiated by request
2026-07-16 05:14:32.744+0000 INFO  Stopping...
2026-07-16 05:14:43.496+0000 INFO  Stopped.
