Job 1032344 on k027 at Sun 12 Jul 2026 14:48:38 AWST
Sun Jul 12 14:48:38 2026       
+-----------------------------------------------------------------------------------------+
| NVIDIA-SMI 575.57.08              Driver Version: 575.57.08      CUDA Version: 12.9     |
|-----------------------------------------+------------------------+----------------------+
| GPU  Name                 Persistence-M | Bus-Id          Disp.A | Volatile Uncorr. ECC |
| Fan  Temp   Perf          Pwr:Usage/Cap |           Memory-Usage | GPU-Util  Compute M. |
|                                         |                        |               MIG M. |
|=========================================+========================+======================|
|   0  Tesla V100-PCIE-16GB           Off |   00000000:AF:00.0 Off |                    0 |
| N/A   31C    P0             25W /  250W |       0MiB /  16384MiB |      0%      Default |
|                                         |                        |                  N/A |
+-----------------------------------------+------------------------+----------------------+
                                                                                         
+-----------------------------------------------------------------------------------------+
| Processes:                                                                              |
|  GPU   GI   CI              PID   Type   Process name                        GPU Memory |
|        ID   ID                                                               Usage      |
|=========================================================================================|
|  No running processes found                                                             |
+-----------------------------------------------------------------------------------------+
REGEN=1 — regenerating beams at the locked v3 decoding.
Generated + cached 120 beam records to results/beams_mistral7b_v3.jsonl.

decoding = {'strategy': 'beam', 'diversity_penalty': 1.0, 'k': 5}   (k=5)
            signal | POLE-SFT AUC |  prior
 h_norm_candidates |        0.689 |  0.622
      h_norm_beams |        0.682 |  0.624
top_beam_dominance |        0.661 |  0.625

POLE-SFT entropy AUC (0.689) improves over the ~0.62 general-model baseline: POLE-specific fine-tuning sharpens the schema-entropy->ambiguity signal, so the Bayesian scorer (3.3) is a usable secondary input to the Ambiguity Detector. Ablations are NOT flat (spread 0.028 > 0.01): unlike the prior probe, the scoring function matters here — record this in decisions-log.md.
Finished at Sun 12 Jul 2026 14:58:54 AWST
