Job 1063942 on k032 at Fri 17 Jul 2026 09:08:35 AWST
Fri Jul 17 09:08:35 2026       
+-----------------------------------------------------------------------------------------+
| NVIDIA-SMI 575.57.08              Driver Version: 575.57.08      CUDA Version: 12.9     |
|-----------------------------------------+------------------------+----------------------+
| GPU  Name                 Persistence-M | Bus-Id          Disp.A | Volatile Uncorr. ECC |
| Fan  Temp   Perf          Pwr:Usage/Cap |           Memory-Usage | GPU-Util  Compute M. |
|                                         |                        |               MIG M. |
|=========================================+========================+======================|
|   0  Tesla V100-PCIE-16GB           Off |   00000000:18:00.0 Off |                    0 |
| N/A   29C    P0             26W /  250W |       0MiB /  16384MiB |      0%      Default |
|                                         |                        |                  N/A |
+-----------------------------------------+------------------------+----------------------+
                                                                                         
+-----------------------------------------------------------------------------------------+
| Processes:                                                                              |
|  GPU   GI   CI              PID   Type   Process name                        GPU Memory |
|        ID   ID                                                               Usage      |
|=========================================================================================|
|  No running processes found                                                             |
+-----------------------------------------------------------------------------------------+
Wiping v3 volume /group/pmc084/atan/neo4j_data_v3_c3props_generic and reloading data/SyntheticPoliceKG-v3.cypher (Bolt port 23942).
Changed password for user 'neo4j'. IMPORTANT: this change will only take effect if performed before the database is started for the first time.
Directories in use:
home:         /var/lib/neo4j
config:       /conf
logs:         /var/lib/neo4j/logs
plugins:      /var/lib/neo4j/plugins
import:       /var/lib/neo4j/import
data:         /var/lib/neo4j/data
certificates: /var/lib/neo4j/certificates
licenses:     /var/lib/neo4j/licenses
run:          /var/lib/neo4j/run
Starting Neo4j.
2026-07-17 01:08:43.907+0000 INFO  Logging config in use: File '/var/lib/neo4j/conf/user-logs.xml'
2026-07-17 01:08:43.937+0000 INFO  Starting...
2026-07-17 01:08:45.140+0000 INFO  This instance is ServerId{6f86538c} (6f86538c-1f76-41b3-832e-19e43f8a9e3f)
2026-07-17 01:08:49.618+0000 INFO  Anonymous Usage Data is being sent to Neo4j, see https://neo4j.com/docs/usage-data/
2026-07-17 01:08:49.675+0000 INFO  Bolt enabled on localhost:23942.
2026-07-17 01:08:49.686+0000 INFO  id: 817590FD3FF0DB528BE1869EA96E6116A53C856CA86AEA21534EFFF3175320C7
2026-07-17 01:08:49.687+0000 INFO  name: system
2026-07-17 01:08:49.687+0000 INFO  creationDate: 2026-07-17T01:08:48.112Z
2026-07-17 01:08:49.687+0000 INFO  Started.
Neo4j ready after 3 checks on bolt://localhost:23942.
Loading data/SyntheticPoliceKG-v3.cypher
v3 graph loaded.
C3-only ablation: model_key=mistral7b sl_adapter=sl_adapter qg_adapter=qg_adapter qg_include_properties=True ad=base (fixed, never fine-tuned) tag=genericonly_qgprops

==================== C3-ONLY ABLATION (genericonly_qgprops) ====================
  EX=0.008 EA=0.083 ambiguous_EA=0.113
  DSR=0.0 Detection F1=0.2962962962962963 Prec=0.7058823529411765 Rec=0.1875
  Wrote -> results/c3_only_mistral7b_v3_genericonly_qgprops.json
Finished at Fri 17 Jul 2026 10:42:39 AWST
Stopping neo4j (pid 3563789) at Fri 17 Jul 2026 10:42:39 AWST
2026-07-17 02:42:39.118+0000 INFO  Neo4j Server shutdown initiated by request
2026-07-17 02:42:39.121+0000 INFO  Stopping...
2026-07-17 02:42:49.508+0000 INFO  Stopped.
