Job 1061578 on k042 at Thu 16 Jul 2026 13:22:20 AWST
Thu Jul 16 13:22:20 2026       
+-----------------------------------------------------------------------------------------+
| NVIDIA-SMI 575.57.08              Driver Version: 575.57.08      CUDA Version: 12.9     |
|-----------------------------------------+------------------------+----------------------+
| GPU  Name                 Persistence-M | Bus-Id          Disp.A | Volatile Uncorr. ECC |
| Fan  Temp   Perf          Pwr:Usage/Cap |           Memory-Usage | GPU-Util  Compute M. |
|                                         |                        |               MIG M. |
|=========================================+========================+======================|
|   0  Tesla V100-PCIE-16GB           Off |   00000000:AF:00.0 Off |                    0 |
| N/A   30C    P0             26W /  250W |       0MiB /  16384MiB |      0%      Default |
|                                         |                        |                  N/A |
+-----------------------------------------+------------------------+----------------------+
                                                                                         
+-----------------------------------------------------------------------------------------+
| Processes:                                                                              |
|  GPU   GI   CI              PID   Type   Process name                        GPU Memory |
|        ID   ID                                                               Usage      |
|=========================================================================================|
|  No running processes found                                                             |
+-----------------------------------------------------------------------------------------+
Wiping v3 volume /group/pmc084/atan/neo4j_data_v3_c3genericonly and reloading data/SyntheticPoliceKG-v3.cypher.
Changed password for user 'neo4j'. IMPORTANT: this change will only take effect if performed before the database is started for the first time.
Directories in use:
home:         /var/lib/neo4j
config:       /var/lib/neo4j/conf
logs:         /var/lib/neo4j/logs
plugins:      /var/lib/neo4j/plugins
import:       /var/lib/neo4j/import
data:         /var/lib/neo4j/data
certificates: /var/lib/neo4j/certificates
licenses:     /var/lib/neo4j/licenses
run:          /var/lib/neo4j/run
Starting Neo4j.
2026-07-16 05:22:30.722+0000 INFO  Logging config in use: File '/var/lib/neo4j/conf/user-logs.xml'
2026-07-16 05:22:30.752+0000 INFO  Starting...
2026-07-16 05:22:31.946+0000 INFO  This instance is ServerId{26281b5e} (26281b5e-60ec-4e97-988c-0021bb891399)
2026-07-16 05:22:33.507+0000 INFO  ======== Neo4j 5.26.27 ========
2026-07-16 05:22:36.236+0000 INFO  Anonymous Usage Data is being sent to Neo4j, see https://neo4j.com/docs/usage-data/
2026-07-16 05:22:36.286+0000 INFO  Bolt enabled on localhost:7687.
2026-07-16 05:22:37.787+0000 INFO  HTTP enabled on localhost:7474.
2026-07-16 05:22:37.788+0000 INFO  Remote interface available at http://localhost:7474/
2026-07-16 05:22:37.791+0000 INFO  id: 30EB456D86AF59F6AFEAAF18D46E5A39F7B19662863B7A23E48F98A37A5A2A2D
2026-07-16 05:22:37.791+0000 INFO  name: system
2026-07-16 05:22:37.791+0000 INFO  creationDate: 2026-07-16T05:22:34.857Z
2026-07-16 05:22:37.791+0000 INFO  Started.
Neo4j ready after 3 checks.
Loading data/SyntheticPoliceKG-v3.cypher
v3 graph loaded.
Stopping neo4j (pid 528669) at Thu 16 Jul 2026 13:23:46 AWST
2026-07-16 05:23:46.842+0000 INFO  Neo4j Server shutdown initiated by request
2026-07-16 05:23:46.845+0000 INFO  Stopping...
2026-07-16 05:23:57.388+0000 INFO  Stopped.
