Job 1101257 on k029 at Sat 22 Aug 2026 14:03:52 AWST
Sat Aug 22 14:03:52 2026       
+-----------------------------------------------------------------------------------------+
| NVIDIA-SMI 575.57.08              Driver Version: 575.57.08      CUDA Version: 12.9     |
|-----------------------------------------+------------------------+----------------------+
| GPU  Name                 Persistence-M | Bus-Id          Disp.A | Volatile Uncorr. ECC |
| Fan  Temp   Perf          Pwr:Usage/Cap |           Memory-Usage | GPU-Util  Compute M. |
|                                         |                        |               MIG M. |
|=========================================+========================+======================|
|   0  Tesla V100-PCIE-16GB           Off |   00000000:AF:00.0 Off |                    0 |
| N/A   30C    P0             25W /  250W |       0MiB /  16384MiB |      0%      Default |
|                                         |                        |                  N/A |
+-----------------------------------------+------------------------+----------------------+
                                                                                         
+-----------------------------------------------------------------------------------------+
| Processes:                                                                              |
|  GPU   GI   CI              PID   Type   Process name                        GPU Memory |
|        ID   ID                                                               Usage      |
|=========================================================================================|
|  No running processes found                                                             |
+-----------------------------------------------------------------------------------------+
Sampled 25/25 external-POLE items; decoding={'strategy': 'beam', 'diversity_penalty': 1.0, 'k': 5}
[Q-POLE-S01] (schema) covered=True
    Q: Who has Alan Hicks communicated with digitally?
    gold:  ['(p1:Person)-[:KNOWS_SN|KNOWS_PHONE]-(p2:Person)', '(p1:Person)-[:KNOWS_PHONE]-(p2:Person)', '(p1:Person)-[:KNOWS_SN]-(p2:Person)']
    beam1: '(p:Person)-[:KNOWS_SN]-(p2:Person)'
    beam2: '(p:Person)-[:KNOWS_SN]-(p2:Person)'
    beam3: '(p:Person)-[:KNOWS_SN]-(p2:Person)'
    beam4: '(p:Person)-[:KNOWS_PHONE]-(p2:Person)'
    beam5: '(p:Person)-[:KNOWS_PHONE]-(p2:Person)'
[Q-POLE-S02] (schema) covered=True
    Q: Who has Ann Fox been in digital contact with?
    gold:  ['(p1:Person)-[:KNOWS_SN|KNOWS_PHONE]-(p2:Person)', '(p1:Person)-[:KNOWS_PHONE]-(p2:Person)', '(p1:Person)-[:KNOWS_SN]-(p2:Person)']
    beam1: '(p:Person)-[:KNOWS_SN]-(p2:Person)'
    beam2: '(p:Person)-[:KNOWS_SN]-(p2:Person)'
    beam3: '(p:Person)-[:KNOWS_SN]-(p2:Person)'
    beam4: '(p:Person)-[:KNOWS_PHONE]-(p2:Person)'
    beam5: '(p:Person)-[:KNOWS_PHONE]-(p2:Person)'
[Q-POLE-S03] (schema) covered=True
    Q: Who has Benjamin Hamilton had digital communication with?
    gold:  ['(p1:Person)-[:KNOWS_SN|KNOWS_PHONE]-(p2:Person)', '(p1:Person)-[:KNOWS_PHONE]-(p2:Person)', '(p1:Person)-[:KNOWS_SN]-(p2:Person)']
    beam1: '(p:Person)-[:KNOWS_SN]-(p2:Person)'
    beam2: '(p:Person)-[:KNOWS_SN]-(p2:Person)'
    beam3: '(p:Person)-[:KNOWS_SN]-(p2:Person)'
    beam4: '(p:Person)-[:KNOWS_PHONE]-(p2:Person)'
    beam5: '(p:Person)-[:KNOWS_PHONE]-(p2:Person)'
[Q-POLE-S04] (schema) covered=True
    Q: Who has Bonnie Gilbert had electronic communication with?
    gold:  ['(p1:Person)-[:KNOWS_SN|KNOWS_PHONE]-(p2:Person)', '(p1:Person)-[:KNOWS_PHONE]-(p2:Person)', '(p1:Person)-[:KNOWS_SN]-(p2:Person)']
    beam1: '(p:Person)-[:KNOWS_SN]-(p2:Person)'
    beam2: '(p:Person)-[:KNOWS_SN]-(p2:Person)'
    beam3: '(p:Person)-[:KNOWS_SN]-(p2:Person)'
    beam4: '(p:Person)-[:KNOWS_PHONE]-(p2:Person)'
    beam5: '(p:Person)-[:KNOWS_PHONE]-(p2:Person)'
[Q-POLE-S05] (schema) covered=True
    Q: Who has Brenda Edwards been digitally connected to?
    gold:  ['(p1:Person)-[:KNOWS_SN|KNOWS_PHONE]-(p2:Person)', '(p1:Person)-[:KNOWS_PHONE]-(p2:Person)', '(p1:Person)-[:KNOWS_SN]-(p2:Person)']
    beam1: '(p:Person)-[:KNOWS_SN]-(p2:Person)'
    beam2: '(p:Person)-[:KNOWS_SN]-(p2:Person)'
    beam3: '(p:Person)-[:KNOWS_SN]-(p2:Person)'
    beam4: '(p:Person)-[:KNOWS_PHONE]-(p2:Person)'
    beam5: '(p:Person)-[:KNOWS_PHONE]-(p2:Person)'
[Q-POLE-E01] (entity) covered=True
    Q: What is Andrea George's address?
    gold:  ['(p:Person)-[:CURRENT_ADDRESS]->(l:Location)', '(p:Person)-[:CURRENT_ADDRESS]->(l:Location)', '(p:Person)-[:CURRENT_ADDRESS]->(l:Location)']
    beam1: '(p:Person)-[:CURRENT_ADDRESS]->(l:Location)'
    beam2: '(p:Person)-[:CURRENT_ADDRESS]->(l:Location)'
    beam3: '(p:Person)-[:CURRENT_ADDRESS]->(l:Location)'
    beam4: '(p:Person)-[:CURRENT_ADDRESS]->(l:Location)'
    beam5: '(p:Person)-[:CURRENT_ADDRESS]->(l:Location)--'
[Q-POLE-E02] (entity) covered=True
    Q: What is Anne Rice's address?
    gold:  ['(p:Person)-[:CURRENT_ADDRESS]->(l:Location)', '(p:Person)-[:CURRENT_ADDRESS]->(l:Location)', '(p:Person)-[:CURRENT_ADDRESS]->(l:Location)']
    beam1: '(p:Person)-[:CURRENT_ADDRESS]->(l:Location)'
    beam2: '(p:Person)-[:CURRENT_ADDRESS]->(l:Location)'
    beam3: '(p:Person)-[:CURRENT_ADDRESS]->(l:Location)'
    beam4: '(p:Person)-[:CURRENT_ADDRESS]->(l:Location)'
    beam5: '(p:Person)-[:CURRENT_ADDRESS]->(l:Location)--'
[Q-POLE-E03] (entity) covered=True
    Q: What is the home address of a person with surname Ford?
    gold:  ['(p:Person)-[:CURRENT_ADDRESS]->(l:Location)', '(p:Person)-[:CURRENT_ADDRESS]->(l:Location)', '(p:Person)-[:CURRENT_ADDRESS]->(l:Location)', '(p:Person)-[:CURRENT_ADDRESS]->(l:Location)', '(p:Person)-[:CURRENT_ADDRESS]->(l:Location)']
    beam1: '(p:Person)-[:CURRENT_ADDRESS]->(l:Location)'
    beam2: '(p:Person)-[:CURRENT_ADDRESS]->(l:Location)'
    beam3: '(p:Person)-[:CURRENT_ADDRESS]->(l:Location)'
    beam4: '(p:Person)-[:CURRENT_ADDRESS]->(l:Location)'
    beam5: '(n:Person)-[:CURRENT_ADDRESS]->(l:Location)--'
[Q-POLE-E04] (entity) covered=True
    Q: Where does a person with the surname Fuller live?
    gold:  ['(p:Person)-[:CURRENT_ADDRESS]->(l:Location)', '(p:Person)-[:CURRENT_ADDRESS]->(l:Location)', '(p:Person)-[:CURRENT_ADDRESS]->(l:Location)', '(p:Person)-[:CURRENT_ADDRESS]->(l:Location)', '(p:Person)-[:CURRENT_ADDRESS]->(l:Location)']
    beam1: '(p:Person)-[:CURRENT_ADDRESS]->(l:Location)'
    beam2: '(p:Person)-[:CURRENT_ADDRESS]->(l:Location)'
    beam3: '(p:Person)-[:CURRENT_ADDRESS]->(l:Location)'
    beam4: '(p:Person)-[:CURRENT_ADDRESS]->(l:Location)'
    beam5: '(p:Person)-[:CURRENT_ADDRESS]->(l:Location)--'
[Q-POLE-E05] (entity) covered=True
    Q: What address is registered for a person with the surname Murray?
    gold:  ['(p:Person)-[:CURRENT_ADDRESS]->(l:Location)', '(p:Person)-[:CURRENT_ADDRESS]->(l:Location)', '(p:Person)-[:CURRENT_ADDRESS]->(l:Location)', '(p:Person)-[:CURRENT_ADDRESS]->(l:Location)', '(p:Person)-[:CURRENT_ADDRESS]->(l:Location)']
    beam1: '(p:Person)-[:CURRENT_ADDRESS]->(l:Location)'
    beam2: '(p:Person)-[:CURRENT_ADDRESS]->(l:Location)'
    beam3: '(p:Person)-[:CURRENT_ADDRESS]->(l:Location)'
    beam4: '(p:Person)-[:CURRENT_ADDRESS]->(l:Location)'
    beam5: '(p:Person)-[:HAS_PHONE]->(ph:Phone), (p)-[:CURRENT_ADDRESS]->(l:Location)'
[Q-POLE-I01] (intent) covered=False
    Q: Which Inspector has investigated the most crimes, aside from Nettles Worthy?
    gold:  ['(c:Crime)-[:INVESTIGATED_BY]->(o:Officer)', '(c:Crime)-[:INVESTIGATED_BY]->(o:Officer)', '(c:Crime)-[:INVESTIGATED_BY]->(o:Officer)']
    beam1: '(off:Officer)-[:INVESTIGATED_BY]->(c:Crime)--, --(c)--, --'
    beam2: '(off:Officer)-[:INVESTIGATED_BY]->(c:Crime)--, --(c)--'
    beam3: '(o:Officer)-[:INVESTIGATED_BY]->(c:Crime)--, --(c)--'
    beam4: '(o:Officer)-[:INVESTIGATED_BY]->(c:Crime)--, --(c)--'
    beam5: '(off:Officer)--(off)-[:INVESTIGATED_BY]->(c:Crime)--, --(c)--, --'
[Q-POLE-I02] (intent) covered=True
    Q: Which Police Constable has investigated the most crimes, aside from Ings Cloe?
    gold:  ['(c:Crime)-[:INVESTIGATED_BY]->(o:Officer)', '(c:Crime)-[:INVESTIGATED_BY]->(o:Officer)', '(c:Crime)-[:INVESTIGATED_BY]->(o:Officer)']
    beam1: '(off:Officer)-[:INVESTIGATED_BY]->(c:Crime)--, --(c)--, --'
    beam2: '(off:Officer)-[:INVESTIGATED_BY]->(c:Crime)--, --(c)--, --'
    beam3: '(off:Officer)-[:INVESTIGATED_BY]->(c:Crime)--, --(c)--'
    beam4: '(c:Crime)-[:INVESTIGATED_BY]->(o:Officer)--, --(*)--'
    beam5: '(off:Officer)--(off)-[:INVESTIGATED_BY]->(c:Crime)--, --(c)--, --'
[Q-POLE-I03] (intent) covered=False
    Q: Which Chief Inspector has investigated the most crimes, aside from the top three (Monelli Kort, Stave Urban, Febry Roberto)?
    gold:  ['(c:Crime)-[:INVESTIGATED_BY]->(o:Officer)', '(c:Crime)-[:INVESTIGATED_BY]->(o:Officer)', '(c:Crime)-[:INVESTIGATED_BY]->(o:Officer)', '(c:Crime)-[:INVESTIGATED_BY]->(o:Officer)', '(c:Crime)-[:INVESTIGATED_BY]->(o:Officer)']
    beam1: '(o:Officer)-[:INVESTIGATED_BY]->(c:Crime)--, --(c)--, --'
    beam2: '(o:Officer)-[:INVESTIGATED_BY]->(c:Crime)--, --(c)--, --'
    beam3: '(off:Officer)-[:INVESTIGATED_BY]->(c:Crime)--, --(c)--, --'
    beam4: '(o:Officer)-[:INVESTIGATED_BY]->(c:Crime)--, --(c)--'
    beam5: '(off:Officer)--(off)-[:INVESTIGATED_BY]->(c:Crime)--, --(c)--'
[Q-POLE-I04] (intent) covered=False
    Q: Which Sergeant has investigated the most crimes, aside from the top three (DeSousa Madelon, Notti Kania, Klehyn Olenolin)?
    gold:  ['(c:Crime)-[:INVESTIGATED_BY]->(o:Officer)', '(c:Crime)-[:INVESTIGATED_BY]->(o:Officer)', '(c:Crime)-[:INVESTIGATED_BY]->(o:Officer)']
    beam1: '(o:Officer)-[:INVESTIGATED_BY]->(c:Crime)--, --(c)--, --'
    beam2: '(o:Officer)-[:INVESTIGATED_BY]->(c:Crime)--, --(c)--, --'
    beam3: '(off:Officer)-[:INVESTIGATED_BY]->(c:Crime)--, --(c)--, --'
    beam4: '(o:Officer)-[:INVESTIGATED_BY]->(c:Crime)--, --(c)--'
    beam5: '(off:Officer)--(off)-[:INVESTIGATED_BY]->(c:Crime)--, --(c)--, --'
[Q-POLE-I05] (intent) covered=False
    Q: Which area recorded the most crime, after BL9?
    gold:  ['(c:Crime)-[:OCCURRED_AT]->(:Location)-[:LOCATION_IN_AREA]->(a:Area)', '(c:Crime)-[:OCCURRED_AT]->(:Location)-[:LOCATION_IN_AREA]->(a:Area)', '(c:Crime)-[:OCCURRED_AT]->(:Location)-[:LOCATION_IN_AREA]->(a:Area)', '(c:Crime)-[:OCCURRED_AT]->(:Location)-[:LOCATION_IN_AREA]->(a:Area)']
    beam1: '(a:Area)<-[:LOCATION_IN_AREA]-(l:Location)<-[:OCCURRED_AT]-(c:Crime)--, --(c)--, --'
    beam2: '(a:Area)<-[:LOCATION_IN_AREA]-(l:Location)<-[:OCCURRED_AT]-(c:Crime)--, --(c)--'
    beam3: '(a:Area)<-[:LOCATION_IN_AREA]-(l:Location)<-[:CURRENT_ADDRESS]-(p:Person)-[:KNOWS_SN]-(p2:Person)-[:PARTY_TO]->(c:Crime)--, --(c)--, --'
    beam4: '(a:Area)-[:LOCATION_IN_AREA*0..1]-(l:Location)<-[:OCCURRED_AT]-(c:Crime)--, --(c)--, --'
    beam5: '(a:Area)-[:POSTCODE_IN_AREA*..](post:PostCode)-[:LOCATION_IN_AREA*..](l:Location)<-[:OCCURRED_AT]-(c:Crime)--, --(c)--, --'
[Q-POLE-T01] (temporal) covered=True
    Q: How many crimes happened in area M1 around 11 August 2017?
    gold:  ['(c:Crime)-[:OCCURRED_AT]->(:Location)-[:LOCATION_IN_AREA]->(a:Area)', '(c:Crime)-[:OCCURRED_AT]->(:Location)-[:LOCATION_IN_AREA]->(a:Area)', '(c:Crime)-[:OCCURRED_AT]->(:Location)-[:LOCATION_IN_AREA]->(a:Area)']
    beam1: '(c:Crime)-[:OCCURRED_AT]->(l:Location)-[:LOCATION_IN_AREA]->(a:Area)--("2017-08-11")--("2017-08-12")--(c)'
    beam2: '(c:Crime)-[:OCCURRED_AT]->(l:Location)-[:LOCATION_IN_AREA]->(a:Area)'
    beam3: '(c:Crime)-[:OCCURRED_AT]->(l:Location)-[:LOCATION_IN_AREA]->(a:Area)'
    beam4: '(c:Crime)-[:OCCURRED_AT]->(l:Location)-[:LOCATION_IN_AREA]->(a:Area)'
    beam5: '(a:Area)<-[:LOCATION_IN_AREA]-(l:Location)<-[:OCCURRED_AT]-(c:Crime)'
[Q-POLE-T02] (temporal) covered=True
    Q: How many crimes happened in area M1 around 26 August 2017?
    gold:  ['(c:Crime)-[:OCCURRED_AT]->(:Location)-[:LOCATION_IN_AREA]->(a:Area)', '(c:Crime)-[:OCCURRED_AT]->(:Location)-[:LOCATION_IN_AREA]->(a:Area)', '(c:Crime)-[:OCCURRED_AT]->(:Location)-[:LOCATION_IN_AREA]->(a:Area)']
    beam1: '(c:Crime)-[:OCCURRED_AT]->(l:Location)-[:LOCATION_IN_AREA]->(a:Area)--("2017-08-26")--, --(c)'
    beam2: '(c:Crime)-[:OCCURRED_AT]->(l:Location)-[:LOCATION_IN_AREA]->(a:Area)'
    beam3: '(c:Crime)-[:OCCURRED_AT]->(l:Location)-[:LOCATION_IN_AREA]->(a:Area)'
    beam4: '(a:Area)<-[:LOCATION_IN_AREA]-(l:Location)<-[:OCCURRED_AT]-(c:Crime)["2017-08-26"](c.date)--'
    beam5: '(a:Area)<-[:LOCATION_IN_AREA]-(l:Location)<-[:OCCURRED_AT]-(c:Crime)["2017-08-26"](c.date)'
[Q-POLE-T03] (temporal) covered=True
    Q: How many crimes happened in area M1 around 4 August 2017?
    gold:  ['(c:Crime)-[:OCCURRED_AT]->(:Location)-[:LOCATION_IN_AREA]->(a:Area)', '(c:Crime)-[:OCCURRED_AT]->(:Location)-[:LOCATION_IN_AREA]->(a:Area)', '(c:Crime)-[:OCCURRED_AT]->(:Location)-[:LOCATION_IN_AREA]->(a:Area)']
    beam1: '(c:Crime)-[:OCCURRED_AT]->(l:Location)-[:LOCATION_IN_AREA]->(a:Area)'
    beam2: '(c:Crime)-[:OCCURRED_AT]->(l:Location)-[:LOCATION_IN_AREA]->(a:Area)'
    beam3: '(c:Crime)-[:OCCURRED_AT]->(l:Location)-[:LOCATION_IN_AREA]->(a:Area)'
    beam4: '(c:Crime)-[:OCCURRED_AT]->(l:Location)-[:LOCATION_IN_AREA]->(a:Area)'
    beam5: '(a:Area)<-[:LOCATION_IN_AREA]-(l:Location)<-[:OCCURRED_AT]-(c:Crime)["2017-08-04"](c.date)'
[Q-POLE-T04] (temporal) covered=True
    Q: How many crimes happened in area M1 around 31 August 2017?
    gold:  ['(c:Crime)-[:OCCURRED_AT]->(:Location)-[:LOCATION_IN_AREA]->(a:Area)', '(c:Crime)-[:OCCURRED_AT]->(:Location)-[:LOCATION_IN_AREA]->(a:Area)', '(c:Crime)-[:OCCURRED_AT]->(:Location)-[:LOCATION_IN_AREA]->(a:Area)']
    beam1: '(c:Crime)-[:OCCURRED_AT]->(l:Location)-[:LOCATION_IN_AREA]->(a:Area)--("2017-08-31")..--(c)'
    beam2: '(c:Crime)-[:OCCURRED_AT]->(l:Location)-[:LOCATION_IN_AREA]->(a:Area)'
    beam3: '(c:Crime)-[:OCCURRED_AT]->(l:Location)-[:LOCATION_IN_AREA]->(a:Area)'
    beam4: '(c:Crime)-[:OCCURRED_AT]->(l:Location)-[:LOCATION_IN_AREA]->(a:Area)'
    beam5: '(a:Area)<-[:LOCATION_IN_AREA]-(l:Location)<-[:OCCURRED_AT]-(c:Crime)["2017-08-31"](c.date)'
[Q-POLE-T05] (temporal) covered=True
    Q: When did phone 9-(776)276-2772 last contact phone 0-(377)507-0388?
    gold:  ['(p1:Phone)<-[:CALLER]-(pc:PhoneCall)-[:CALLED]->(p2:Phone)', '(p1:Phone)<-[:CALLER]-(pc:PhoneCall)-[:CALLED]->(p2:Phone)', '(p1:Phone)<-[:CALLER]-(pc:PhoneCall)-[:CALLED]->(p2:Phone)']
    beam1: '(p1:Phone)<-[:CALLER]-(pc:PhoneCall)-[:CALLED]->(p2:Phone)'
    beam2: '(p1:Phone)<-[:CALLER]-(pc:PhoneCall)-[:CALLED]->(p2:Phone)'
    beam3: '(p1:Phone)<-[:CALLER]-(pc:PhoneCall)-[:CALLED]->(p2:Phone)'
    beam4: '(p1:Phone)<-[:CALLER]-(pc:PhoneCall)-[:CALLED]->(p2:Phone)'
    beam5: '(ph:Phone)<-[:CALLER]-(pc:PhoneCall)-[:CALLED]->(ph2:Phone)'
[Q-POLE-U01] (null) covered=True
    Q: What rank does the officer with badge number 80-1015383 hold?
    gold:  ['(o:Officer)']
    beam1: '(off:Officer)-[:INVESTIGATED_BY]->(c:Crime)<-[:KNOWS_SN]-(p:Person)-[:HAS_PHONE]->(ph:Phone)<-[:CALLER]-(pc:PhoneCall)'
    beam2: '(n:Officer)--'
    beam3: '(n:Officer)--'
    beam4: '(off:Officer)--(off)'
    beam5: '(off:Officer {badge_no:"80-1015383"})--'
[Q-POLE-U02] (null) covered=True
    Q: What is the surname of the officer with badge number 70-0643982?
    gold:  ['(o:Officer)']
    beam1: '(off:Officer)-[:INVESTIGATED_BY]-(c:Crime)'
    beam2: '(off:Officer)-[:INVESTIGATED_BY]->(c:Crime)'
    beam3: '(off:Officer)'
    beam4: '(n:Officer)--'
    beam5: '(off:Officer)--(off)'
[Q-POLE-U03] (null) covered=True
    Q: What rank is the officer with badge number 57-6110377?
    gold:  ['(o:Officer)']
    beam1: '(off:Officer)-[:INVESTIGATED_BY]-(c:Crime)'
    beam2: '(off:Officer)-[:INVESTIGATED_BY]->(c:Crime)'
    beam3: '(off:Officer)--'
    beam4: '(n:Officer)'
    beam5: '(off:Officer)--(off)'
[Q-POLE-U04] (null) covered=True
    Q: Who is Betty Kennedy related to by family?
    gold:  ['(p1:Person)-[:FAMILY_REL]-(p2:Person)']
    beam1: '(p:Person)-[:FAMILY_REL]-(p2:Person)'
    beam2: '(p:Person)-[:FAMILY_REL]-(p2:Person)'
    beam3: '(p:Person)-[:FAMILY_REL]-(p2:Person)'
    beam4: '(p:Person)-[:FAMILY_REL]-(p2:Person)'
    beam5: '(p:Person)-[:FAMILY_REL]-(p2:Person)--'
[Q-POLE-U05] (null) covered=True
    Q: Who does Denise Rodriguez know?
    gold:  ['(p1:Person)-[:KNOWS]-(p2:Person)']
    beam1: '(p:Person)-[:KNOWS]-(p2:Person)'
    beam2: '(p:Person)-[:KNOWS]-(p2:Person)'
    beam3: '(p:Person)-[:KNOWS]-(p2:Person)'
    beam4: '(p:Person)-[:KNOWS]->(knownPerson:Person)'
    beam5: '(p:Person)-[:KNOWS]->(friend:Person)'

Sample Cov@5 (sl_adapter_pole_external, n=25): 0.840
Finished at Sat 22 Aug 2026 14:06:59 AWST
